// Jest Snapshot v1, https://goo.gl/fbAQLP

exports[`ExtensionConfirmModalComponent should snap with the extended students and instructors 1`] = `
<tm-extension-confirm-modal
  SortBy={[Function Object]}
  SortOrder={[Function Object]}
  __ngContext__={[Function Number]}
  activeModal={[Function NgbActiveModal]}
  confirmExtensionCallbackEvent={[Function EventEmitter_]}
  extensionTimestamp={[Function Number]}
  feedbackSessionTimeZone={[Function String]}
  instructorsColumnsData={[Function Array]}
  instructorsRowsData={[Function Array]}
  isNotifyDeadlines="false"
  isSubmitting="false"
  modalType="0"
  selectedInstructors={[Function Array]}
  selectedStudents={[Function Array]}
  sortInstructorOrder="0"
  sortInstructorsBy={[Function Number]}
  sortStudentOrder="0"
  sortStudentsBy={[Function Number]}
  studentsColumnsData={[Function Array]}
  studentsRowsData={[Function Array]}
  tableComparatorService={[Function TableComparatorService]}
  timezoneService={[Function TimezoneService]}
>
  <fieldset>
    <div
      class="modal-header alert-primary"
    >
      <h5
        class="modal-title"
      >
        Confirm extension of feedback session
      </h5>
      <button
        class="btn-close"
        type="button"
      />
    </div>
    <div
      class="modal-body"
    >
      <div>
         The new deadline of 
        <b>
          5 Apr 2000 2:00:00
        </b>
         will be applied to the following 
        <b>
          3
        </b>
         student(s) and 
        <b>
          0
        </b>
         instructor(s): 
      </div>
      <div
        class="table-responsive"
      >
        <h1>
          Students
        </h1>
        <tm-sortable-table>
          <table
            class="table table-bordered table-striped margin-bottom-20px"
          >
            <thead>
              <tr>
                <th
                  aria-sort="none"
                  class="sortable-header"
                >
                  <button>
                    <span
                      container="body"
                    >
                      Section
                    </span>
                    <span
                      aria-hidden="true"
                      class="fa-stack"
                    >
                      <i
                        class="fas fa-sort"
                      />
                    </span>
                  </button>
                </th>
                <th
                  aria-sort="none"
                  class="sortable-header"
                >
                  <button>
                    <span
                      container="body"
                    >
                      Team
                    </span>
                    <span
                      aria-hidden="true"
                      class="fa-stack"
                    >
                      <i
                        class="fas fa-sort"
                      />
                    </span>
                  </button>
                </th>
                <th
                  aria-sort="none"
                  class="sortable-header"
                >
                  <button>
                    <span
                      container="body"
                    >
                      Name
                    </span>
                    <span
                      aria-hidden="true"
                      class="fa-stack"
                    >
                      <i
                        class="fas fa-sort"
                      />
                    </span>
                  </button>
                </th>
                <th
                  aria-sort="none"
                  class="sortable-header"
                >
                  <button>
                    <span
                      container="body"
                    >
                      Email
                    </span>
                    <span
                      aria-hidden="true"
                      class="fa-stack"
                    >
                      <i
                        class="fas fa-sort"
                      />
                    </span>
                  </button>
                </th>
                <th
                  aria-sort="none"
                  class="sortable-header"
                >
                  <button>
                    <span
                      container="body"
                    >
                      Original Deadline
                    </span>
                    <span
                      aria-hidden="true"
                      class="fa-stack"
                    >
                      <i
                        class="fas fa-sort"
                      />
                    </span>
                  </button>
                </th>
              </tr>
            </thead>
            <tbody>
            </tbody>
          </table>
        </tm-sortable-table>
      </div>
      <div
        class="form-check"
      >
        <input
          class="form-check-input ng-untouched ng-pristine ng-valid"
          id="flexCheckChecked"
          type="checkbox"
        />
        <label
          class="form-check-label"
          for="flexCheckChecked"
        >
           Notify affected students and/or instructors by email about this extension 
        </label>
      </div>
    </div>
    <br />
    <div
      class="modal-footer"
    >
      <button
        class="btn btn-light"
        type="button"
      >
        No, cancel the Operation
      </button>
      <button
        class="btn btn-success modal-btn-ok"
        type="button"
      >
        Confirm
      </button>
    </div>
  </fieldset>
</tm-extension-confirm-modal>
`;
